2026-09-13 04:10:35,923 INFO app.worker worker 启动: instance=DESKTOP-0M30OGA
2026-09-13 04:10:36,056 ERROR app.worker 任务执行异常: task_id=2
Traceback (most recent call last):
  File "C:\Users\fuqing\Desktop\full-stack-fastapi-template\backend\app\core\workers.py", line 283, in _run_task
    service_class = _import_service_class(spec.service_name)
  File "C:\Users\fuqing\Desktop\full-stack-fastapi-template\backend\app\core\workers.py", line 102, in _import_service_class
    module = importlib.import_module(f"app.services.{module_name}")
  File "C:\Python314\Lib\importlib\__init__.py", line 88, in import_module
    return _bootstrap._gcd_import(name[level:], package, level)
           ~~~~~~~~~~~~~~~~~~~~~~^^^^^^^^^^^^^^^^^^^^^^^^^^^^^^
  File "<frozen importlib._bootstrap>", line 1398, in _gcd_import
  File "<frozen importlib._bootstrap>", line 1371, in _find_and_load
  File "<frozen importlib._bootstrap>", line 1335, in _find_and_load_unlocked
ModuleNotFoundError: No module named 'app.services.backtest.training_service'
2026-09-13 04:10:46,120 INFO app.services.google_sheet_tasks.c3.3 [Task-3] 开始执行Google Sheet任务
2026-09-13 04:10:46,129 ERROR app.services.google_sheet.client [task_id=3 spreadsheet_id=DRILL] 初始化Google Sheet连接失败: [Errno 2] No such file or directory: 'data\\nonexistent.json' (spreadsheet=DRILL, sheet=None, token=data\nonexistent.json)
2026-09-13 04:10:46,142 ERROR app.services.google_sheet_tasks.c3.3 [Task-3] execute_task 执行失败: [Errno 2] No such file or directory: 'data\\nonexistent.json'
2026-09-13 04:11:18,637 INFO app.worker worker 启动: instance=DESKTOP-0M30OGA
2026-09-13 04:11:18,731 INFO app.services.google_sheet_tasks.c3.4 [Task-4] 开始执行Google Sheet任务
2026-09-13 04:11:18,741 ERROR app.services.google_sheet.client [task_id=4 spreadsheet_id=DRILL2] 初始化Google Sheet连接失败: [Errno 2] No such file or directory: 'data\\nonexistent.json' (spreadsheet=DRILL2, sheet=None, token=data\nonexistent.json)
2026-09-13 04:11:18,753 ERROR app.services.google_sheet_tasks.c3.4 [Task-4] execute_task 执行失败: [Errno 2] No such file or directory: 'data\\nonexistent.json'
